URL_ID	URL	Error_Type	Error_Message
